corpus /tmp/n1044/feed_pin.jsonl: 6591 messages
  --- dispatch / uniform ---
    uniform draw  1/4  k=371  mean_delta=-0.3849  neutral
    uniform draw  2/4  k=371  mean_delta=-0.9447  amplifier
    uniform draw  3/4  k=371  mean_delta=-0.7016  amplifier
    uniform draw  4/4  k=371  mean_delta=-0.1187  neutral
[
  {
    "agent": "dispatch",
    "k": 371,
    "arm": "uniform",
    "reps": 4,
    "n_shuffles": 40,
    "seed": 2,
    "real": -1.1664,
    "real_verdict": "amplifier",
    "null_min": -0.9447,
    "null_med": -0.5433,
    "null_max": -0.1187,
    "null_spread": 0.826,
    "null_verdicts": {
      "neutral": 2,
      "amplifier": 2
    },
    "state": "UNDECIDED",
    "real_percentile_in_null": 0.0,
    "nulls": [
      -0.3849,
      -0.9447,
      -0.7016,
      -0.1187
    ]
  }
]
